###############################################################################
#
# IAR ELF Linker V7.80.3.12102/W32 for ARM                19/Mar/2017  17:09:31
# Copyright 2007-2016 IAR Systems AB.
#
#    Output file  =  
#        F:\Users\Matthew\Documents\GitHub\Ascension_HADES_Payloads_SW\HADES_Software\ewarm\Exe\HADES.out
#    Map file     =  
#        F:\Users\Matthew\Documents\GitHub\Ascension_HADES_Payloads_SW\HADES_Software\ewarm\List\HADES.map
#    Command line =  
#        F:\Users\Matthew\Documents\GitHub\Ascension_HADES_Payloads_SW\driverlib\ewarm\Exe\driverlib.a
#        F:\Users\Matthew\Documents\GitHub\Ascension_HADES_Payloads_SW\HADES_Software\ewarm\Obj\main.o
#        F:\Users\Matthew\Documents\GitHub\Ascension_HADES_Payloads_SW\HADES_Software\ewarm\Obj\rgb.o
#        F:\Users\Matthew\Documents\GitHub\Ascension_HADES_Payloads_SW\sensorlib\ewarm\Exe\sensorlib.a
#        F:\Users\Matthew\Documents\GitHub\Ascension_HADES_Payloads_SW\HADES_Software\ewarm\Obj\startup_ewarm.o
#        F:\Users\Matthew\Documents\GitHub\Ascension_HADES_Payloads_SW\HADES_Software\ewarm\Obj\uartstdio.o
#        --redirect _Printf=_PrintfSmall --redirect _Scanf=_ScanfSmallNoMb -o
#        F:\Users\Matthew\Documents\GitHub\Ascension_HADES_Payloads_SW\HADES_Software\ewarm\Exe\HADES.out
#        --map
#        F:\Users\Matthew\Documents\GitHub\Ascension_HADES_Payloads_SW\HADES_Software\ewarm\List\HADES.map
#        --config
#        F:\Users\Matthew\Documents\GitHub\Ascension_HADES_Payloads_SW\HADES_Software\HADES.icf
#        --semihosting --entry __iar_program_start --vfe
#
###############################################################################

*******************************************************************************
*** RUNTIME MODEL ATTRIBUTES
***

CppFlavor       = *
__SystemLibrary = DLib


*******************************************************************************
*** PLACEMENT SUMMARY
***

"A0":  place at start of [0x00000000-0x0003ffff] { ro section .intvec };
"P1":  place in [from 0x00000000 to 0x0003ffff] { ro };
"P2":  place in [from 0x20000000 to 0x20007fff] { rw, block HEAP };
do not initialize { section .noinit };
initialize by copy { rw };

  Section             Kind        Address    Size  Object
  -------             ----        -------    ----  ------
"A0":                                       0x26c
  .intvec             const    0x00000000   0x26c  startup_ewarm.o [1]
                             - 0x0000026c   0x26c

"P1":                                      0x3640
  .text               ro code  0x0000026c   0x9a4  main.o [1]
  .text               ro code  0x00000c10   0x2c8  gpio.o [4]
  .text               ro code  0x00000ed8   0x3b0  mpu9150.o [7]
  .text               ro code  0x00001288   0x424  i2cm_drv.o [7]
  .text               ro code  0x000016ac   0x544  uartstdio.o [1]
  .text               ro code  0x00001bf0   0x2ec  rgb.o [1]
  .text               ro code  0x00001edc    0x34  sprintf.o [3]
  .text               ro code  0x00001f10   0x320  sysctl.o [4]
  .text               ro code  0x00002230     0x6  uart.o [4]
  .text               ro code  0x00002236     0xa  xsprout.o [3]
  .text               ro code  0x00002240   0x154  interrupt.o [4]
  .text               ro code  0x00002394   0x57e  comp_dcm.o [7]
  .text               ro code  0x00002912    0x1e  mpu9150.o [7]
  .text               ro code  0x00002930    0x20  mpu9150.o [7]
  .text               ro code  0x00002950    0x90  DblToFlt.o [5]
  .text               ro code  0x000029e0   0x1a2  DblMul.o [5]
  .text               ro code  0x00002b84    0x4e  FltToDbl.o [5]
  .text               ro code  0x00002bd4    0x8c  i2c.o [4]
  .text               ro code  0x00002c60    0x20  i2cm_drv.o [7]
  .text               ro code  0x00002c80    0x46  FltToU64.o [5]
  .text               ro code  0x00002cc8   0x4d8  xprintfsmall.o [3]
  .text               ro code  0x000031a0     0xc  cpu.o [4]
  .text               ro code  0x000031ac    0xcc  vector.o [7]
  .text               ro code  0x00003278    0x1c  sqrtf.o [5]
  .text               ro code  0x00003294    0x38  xfdtest.o [5]
  .text               ro code  0x000032cc   0x180  DblSub.o [5]
  .text               ro code  0x0000344c    0x6a  atan2f.o [5]
  .text               ro code  0x000034b8    0x5c  asinf.o [5]
  .text               ro code  0x00003514    0x16  strchr.o [6]
  .text               ro code  0x0000352c    0x36  strlen.o [6]
  .text               ro code  0x00003564    0x58  memchr.o [6]
  .text               ro code  0x000035bc     0xc  iarEdom.o [6]
  .text               ro code  0x000035c8    0xd4  DblAdd.o [5]
  .text               ro code  0x0000369c    0xa4  xatanf.o [5]
  .text               ro code  0x00003740     0xc  errno.o [3]
  .text               ro code  0x0000374c     0x2  xtls.o [3]
  .text               ro code  0x0000374e    0x40  zero_init3.o [6]
  .text               ro code  0x0000378e    0x2c  copy_init3.o [6]
  .text               ro code  0x000037bc    0x28  data_init.o [6]
  .text               ro code  0x000037e4    0x22  fpinit_M.o [5]
  .iar.init_table     const    0x00003808    0x24  - Linker created -
  .text               ro code  0x0000382c    0x1a  startup_ewarm.o [1]
  .text               ro code  0x00003846     0xc  cstartup_M.o [6]
  .text               ro code  0x00003854    0x1a  cmain.o [6]
  .text               ro code  0x0000386e     0x4  low_level_init.o [3]
  .text               ro code  0x00003872     0x4  exit.o [3]
  .text               ro code  0x00003878     0xa  cexit.o [6]
  .text               ro code  0x00003884    0x14  exit.o [8]
  Initializer bytes   const    0x00003898    0x14  <for P2-1>
  .rodata             const    0x000038ac     0x0  zero_init3.o [6]
  .rodata             const    0x000038ac     0x0  copy_init3.o [6]
                             - 0x000038ac  0x3640

"P2", part 1 of 3:                           0x14
  P2-1                         0x20000000    0x14  <Init block>
    .data             inited   0x20000000    0x10  rgb.o [1]
    __DLIB_PERTHREAD  inited   0x20000010     0x4  errno.o [3]
                             - 0x20000014    0x14

"P2", part 2 of 3:                          0x400
  .noinit             uninit   0x20000014   0x400  startup_ewarm.o [1]
                             - 0x20000414   0x400

"P2", part 3 of 3:                          0x6a0
  .bss                zero     0x20000414   0x400  uartstdio.o [1]
  .bss                zero     0x20000814   0x200  main.o [1]
  .bss                zero     0x20000a14    0x80  uartstdio.o [1]
  .bss                zero     0x20000a94    0x1c  uartstdio.o [1]
  .bss                zero     0x20000ab0     0x4  rgb.o [1]
                             - 0x20000ab4   0x6a0


*******************************************************************************
*** INIT TABLE
***

          Address     Size
          -------     ----
Zero (__iar_zero_init3)
    1 destination range, total size 0x6a0:
          0x20000414  0x6a0

Copy (__iar_copy_init3)
    1 source range, total size 0x14:
          0x00003898   0x14
    1 destination range, total size 0x14:
          0x20000000   0x14



*******************************************************************************
*** MODULE SUMMARY
***

    Module            ro code  ro data  rw data
    ------            -------  -------  -------
F:\Users\Matthew\Documents\GitHub\Ascension_HADES_Payloads_SW\HADES_Software\ewarm\Obj: [1]
    main.o              2 468               512
    rgb.o                 748       16       20
    startup_ewarm.o        26      620    1 024
    uartstdio.o         1 348             1 180
    -------------------------------------------
    Total:              4 590      636    2 736

command line: [2]
    -------------------------------------------
    Total:

dl7M_tln.a: [3]
    errno.o                12        4        4
    exit.o                  4
    low_level_init.o        4
    sprintf.o              52
    xprintfsmall.o      1 240
    xsprout.o              10
    xtls.o                  2
    -------------------------------------------
    Total:              1 324        4        4

driverlib.a: [4]
    cpu.o                  12
    gpio.o                712
    i2c.o                 140
    interrupt.o           340
    sysctl.o              800
    uart.o                  6
    -------------------------------------------
    Total:              2 010

m7M_tls.a: [5]
    DblAdd.o              212
    DblMul.o              418
    DblSub.o              384
    DblToFlt.o            144
    FltToDbl.o             78
    FltToU64.o             70
    asinf.o                92
    atan2f.o              106
    fpinit_M.o             34
    sqrtf.o                28
    xatanf.o              164
    xfdtest.o              56
    -------------------------------------------
    Total:              1 786

rt7M_tl.a: [6]
    cexit.o                10
    cmain.o                26
    copy_init3.o           44
    cstartup_M.o           12
    data_init.o            40
    iarEdom.o              12
    memchr.o               88
    strchr.o               22
    strlen.o               54
    zero_init3.o           64
    -------------------------------------------
    Total:                372

sensorlib.a: [7]
    comp_dcm.o          1 406
    i2cm_drv.o          1 092
    mpu9150.o           1 006
    vector.o              204
    -------------------------------------------
    Total:              3 708

shb_l.a: [8]
    exit.o                 20
    -------------------------------------------
    Total:                 20

    Gaps                   20        2
    Linker created                  36
-----------------------------------------------
    Grand Total:       13 830      678    2 740


*******************************************************************************
*** ENTRY LIST
***

Entry                      Address   Size  Type      Object
-----                      -------   ----  ----      ------
.iar.init_table$$Base   0x00003808          --   Gb  - Linker created -
.iar.init_table$$Limit  0x0000382c          --   Gb  - Linker created -
?main                   0x00003855         Code  Gb  cmain.o [6]
CPUcpsie                0x000031a1    0x8  Code  Gb  cpu.o [4]
CPUwfi                  0x000031a9    0x4  Code  Gb  cpu.o [4]
CompDCMAccelUpdate      0x000023c5    0xe  Code  Gb  comp_dcm.o [7]
CompDCMComputeEulers    0x00002719   0x42  Code  Gb  comp_dcm.o [7]
CompDCMComputeQuaternion
                        0x0000275b  0x1b8  Code  Gb  comp_dcm.o [7]
CompDCMGyroUpdate       0x000023d3    0xe  Code  Gb  comp_dcm.o [7]
CompDCMInit             0x00002395   0x30  Code  Gb  comp_dcm.o [7]
CompDCMMagnetoUpdate    0x000023e1    0xe  Code  Gb  comp_dcm.o [7]
CompDCMStart            0x000023ef   0x9a  Code  Gb  comp_dcm.o [7]
CompDCMUpdate           0x00002489  0x22a  Code  Gb  comp_dcm.o [7]
ConfigureUART           0x00000351   0x46  Code  Gb  main.o [1]
FaultISR                0x00003843    0x2  Code  Lc  startup_ewarm.o [1]
GPIODirModeSet          0x00000c11   0x28  Code  Gb  gpio.o [4]
GPIOIntClear            0x00000d99    0x6  Code  Gb  gpio.o [4]
GPIOIntEnable           0x00000d83    0x6  Code  Gb  gpio.o [4]
GPIOIntStatus           0x00000d89   0x10  Code  Gb  gpio.o [4]
GPIOIntTypeSet          0x00000c39   0x4c  Code  Gb  gpio.o [4]
GPIOPadConfigSet        0x00000c85   0xfe  Code  Gb  gpio.o [4]
GPIOPinConfigure        0x00000e03   0x38  Code  Gb  gpio.o [4]
GPIOPinTypeGPIOInput    0x00000da3   0x14  Code  Gb  gpio.o [4]
GPIOPinTypeI2C          0x00000db7   0x14  Code  Gb  gpio.o [4]
GPIOPinTypeI2CSCL       0x00000dcb   0x14  Code  Gb  gpio.o [4]
GPIOPinTypeUART         0x00000de7   0x14  Code  Gb  gpio.o [4]
I2CMCommand             0x0000157f   0x7e  Code  Gb  i2cm_drv.o [7]
I2CMInit                0x0000154b   0x34  Code  Gb  i2cm_drv.o [7]
I2CMIntHandler          0x00001319  0x216  Code  Gb  i2cm_drv.o [7]
I2CMRead                0x00002931   0x20  Code  Gb  mpu9150.o [7]
I2CMStateIdle           0x00001289   0x90  Code  Lc  i2cm_drv.o [7]
I2CMTransferResume      0x000015fd   0x30  Code  Gb  i2cm_drv.o [7]
I2CMWrite               0x00002913   0x1e  Code  Gb  mpu9150.o [7]
I2CMWrite8              0x0000165b   0x3e  Code  Gb  i2cm_drv.o [7]
I2CMWrite8Callback      0x0000162d   0x2e  Code  Lc  i2cm_drv.o [7]
I2CMWriteBatched        0x00002c61   0x20  Code  Gb  i2cm_drv.o [7]
I2CMasterControl        0x00002c39    0x4  Code  Gb  i2c.o [4]
I2CMasterDataGet        0x00002c41    0x4  Code  Gb  i2c.o [4]
I2CMasterDataPut        0x00002c3d    0x4  Code  Gb  i2c.o [4]
I2CMasterEnable         0x00002c17    0xc  Code  Gb  i2c.o [4]
I2CMasterInitExpClk     0x00002bd5   0x42  Code  Gb  i2c.o [4]
I2CMasterIntClear       0x00002c29    0x8  Code  Gb  i2c.o [4]
I2CMasterIntEnableEx    0x00002c23    0x6  Code  Gb  i2c.o [4]
I2CMasterSlaveAddrSet   0x00002c31    0x8  Code  Gb  i2c.o [4]
IntDefaultHandler       0x00003845    0x2  Code  Lc  startup_ewarm.o [1]
IntDisable              0x000022a7   0x56  Code  Gb  interrupt.o [4]
IntEnable               0x00002251   0x56  Code  Gb  interrupt.o [4]
IntGPIOb                0x0000027f   0x30  Code  Gb  main.o [1]
IntIsEnabled            0x000022fd   0x5c  Code  Gb  interrupt.o [4]
IntMasterEnable         0x00002241    0x8  Code  Gb  interrupt.o [4]
IntTrigger              0x00002359    0x8  Code  Gb  interrupt.o [4]
IsBufferEmpty           0x000016c7   0x10  Code  Lc  uartstdio.o [1]
IsBufferFull            0x000016ad   0x1a  Code  Lc  uartstdio.o [1]
LoadInt                 0x00003051   0x4c  Code  Lc  xprintfsmall.o [3]
MPU9150AppCallback      0x0000026d   0x12  Code  Gb  main.o [1]
MPU9150AppErrorHandler  0x000002b7   0x54  Code  Gb  main.o [1]
MPU9150AppI2CWait       0x0000030b   0x46  Code  Gb  main.o [1]
MPU9150Callback         0x00000ed9  0x114  Code  Lc  mpu9150.o [7]
MPU9150DataAccelGetFloat
                        0x00001135   0x3e  Code  Gb  mpu9150.o [7]
MPU9150DataGyroGetFloat
                        0x00001173   0x3e  Code  Gb  mpu9150.o [7]
MPU9150DataMagnetoGetFloat
                        0x000011ed   0x56  Code  Gb  mpu9150.o [7]
MPU9150DataRead         0x000010ef   0x46  Code  Gb  mpu9150.o [7]
MPU9150I2CIntHandler    0x000002af    0x8  Code  Gb  main.o [1]
MPU9150Init             0x00001029   0x44  Code  Gb  mpu9150.o [7]
MPU9150Write            0x0000106d   0x6c  Code  Gb  mpu9150.o [7]
NmiSR                   0x00003841    0x2  Code  Lc  startup_ewarm.o [1]
RGBBlinkIntHandler      0x00001bf1   0x28  Code  Gb  rgb.o [1]
RGBBlinkIntHandler::ulFlags
                        0x20000ab0    0x4  Data  Lc  rgb.o [1]
RGBBlinkRateSet         0x00001e2b   0x70  Code  Gb  rgb.o [1]
RGBColorSet             0x00001dab   0x78  Code  Gb  rgb.o [1]
RGBDisable              0x00001d5f   0x4c  Code  Gb  rgb.o [1]
RGBEnable               0x00001cd3   0x8c  Code  Gb  rgb.o [1]
RGBInit                 0x00001c19   0xba  Code  Gb  rgb.o [1]
RGBIntensitySet         0x00001e23    0x8  Code  Gb  rgb.o [1]
Region$$Table$$Base     0x00003808          --   Gb  - Linker created -
Region$$Table$$Limit    0x0000382c          --   Gb  - Linker created -
ResetISR                0x0000382d    0xe  Code  Gb  startup_ewarm.o [1]
SysCtlClockGet          0x00002059  0x110  Code  Gb  sysctl.o [4]
SysCtlClockSet          0x00001f81   0xd8  Code  Gb  sysctl.o [4]
SysCtlDelay             0x00001f79    0x8  Code  Gb  sysctl.o [4]
SysCtlPeripheralClockGating
                        0x00001f37   0x3c  Code  Gb  sysctl.o [4]
SysCtlPeripheralEnable  0x00001f11    0x8  Code  Gb  sysctl.o [4]
SysCtlPeripheralSleepEnable
                        0x00001f2d    0xa  Code  Gb  sysctl.o [4]
SysCtlSleep             0x00001f73    0x4  Code  Gb  sysctl.o [4]
UARTClockSourceSet      0x00002231    0x6  Code  Gb  uart.o [4]
UARTFlushRx             0x00001a2b   0x22  Code  Gb  uartstdio.o [1]
UARTFlushTx             0x00001a4d   0x34  Code  Gb  uartstdio.o [1]
UARTPrimeTransmit       0x000016d7   0x72  Code  Lc  uartstdio.o [1]
UARTStdioConfig         0x00001749   0xb0  Code  Gb  uartstdio.o [1]
UARTStdioIntHandler     0x00001a81  0x10e  Code  Gb  uartstdio.o [1]
UARTStdioIntHandler::bLastWasCR
                        0x20000a95    0x1  Data  Lc  uartstdio.o [1]
UARTprintf              0x00001a1d    0xe  Code  Gb  uartstdio.o [1]
UARTvprintf             0x00001885  0x198  Code  Gb  uartstdio.o [1]
UARTwrite               0x000017f9   0x8c  Code  Gb  uartstdio.o [1]
VectorAdd               0x0000324b   0x2e  Code  Gb  vector.o [7]
VectorCrossProduct      0x000031d3   0x52  Code  Gb  vector.o [7]
VectorDotProduct        0x000031ad   0x26  Code  Gb  vector.o [7]
VectorScale             0x00003225   0x20  Code  Gb  vector.o [7]
_LitobSmall             0x0000309d   0xce  Code  Lc  xprintfsmall.o [3]
_PrintfSmall            0x00002cc9  0x382  Code  Gb  xprintfsmall.o [3]
_PutcharsSmall          0x0000316b   0x2e  Code  Lc  xprintfsmall.o [3]
_SProut                 0x00002237    0xa  Code  Gb  xsprout.o [3]
__aeabi_d2f             0x00002951         Code  Gb  DblToFlt.o [5]
__aeabi_dmul            0x000029e1         Code  Gb  DblMul.o [5]
__aeabi_dsub            0x000032cd         Code  Gb  DblSub.o [5]
__aeabi_errno_addr      0x00003741    0x6  Code  Gb  errno.o [3]
__aeabi_f2d             0x00002b85         Code  Gb  FltToDbl.o [5]
__aeabi_f2ulz           0x00002c81         Code  Gb  FltToU64.o [5]
__cmain                 0x00003855         Code  Gb  cmain.o [6]
__exit                  0x00003885   0x14  Code  Gb  exit.o [8]
__iar_Errno             0x20000010    0x4  Data  Gb  errno.o [3]
__iar_FDtest            0x00003295   0x30  Code  Gb  xfdtest.o [5]
__iar_Memchr            0x00003565         Code  Gb  memchr.o [6]
__iar_Strchr            0x00003515         Code  Gb  strchr.o [6]
__iar_copy_init3        0x0000378f   0x2c  Code  Gb  copy_init3.o [6]
__iar_dadd              0x000035c9         Code  Gb  DblAdd.o [5]
__iar_data_init3        0x000037bd   0x28  Code  Gb  data_init.o [6]
__iar_dlib_perthread_access
                        0x0000374d    0x2  Code  Gb  xtls.o [3]
__iar_dsub              0x000032e1         Code  Gb  DblSub.o [5]
__iar_dsubStart         0x000032f3         Code  Gb  DblSub.o [5]
__iar_edom              0x000035bd         Code  Gb  iarEdom.o [6]
__iar_init_vfp          0x000037e5         Code  Gb  fpinit_M.o [5]
__iar_program_start     0x00003847         Code  Gb  cstartup_M.o [6]
__iar_xatanf            0x0000369d         Code  Gb  xatanf.o [5]
__iar_zero_init3        0x0000374f   0x40  Code  Gb  zero_init3.o [6]
__low_level_init        0x0000386f    0x4  Code  Gb  low_level_init.o [3]
__vector_table          0x00000000  0x26c  Data  Gb  startup_ewarm.o [1]
_call_main              0x00003861         Code  Gb  cmain.o [6]
_exit                   0x00003879         Code  Gb  cexit.o [6]
_main                   0x0000386b         Code  Gb  cmain.o [6]
asinf                   0x000034b9         Code  Gb  asinf.o [5]
atan2f                  0x0000344d         Code  Gb  atan2f.o [5]
exit                    0x00003873    0x4  Code  Gb  exit.o [3]
g_bDisableEcho          0x20000a94    0x1  Data  Lc  uartstdio.o [1]
g_fIntensity            0x2000000c    0x4  Data  Lc  rgb.o [1]
g_fMPU9150AccelFactors  0x00001268   0x10  Data  Lc  mpu9150.o [7]
g_fMPU9150GyroFactors   0x00001278   0x10  Data  Lc  mpu9150.o [7]
g_pcUARTRxBuffer        0x20000a14   0x80  Data  Lc  uartstdio.o [1]
g_pcUARTTxBuffer        0x20000414  0x400  Data  Lc  uartstdio.o [1]
g_pui32Colors           0x20000880    0xc  Data  Gb  main.o [1]
g_pui32Dii16Regs        0x00002380   0x14  Data  Lc  interrupt.o [4]
g_pui32EnRegs           0x0000236c   0x14  Data  Lc  interrupt.o [4]
g_pui32GPIOBaseAddrs    0x00000e48   0x90  Data  Lc  gpio.o [4]
g_pui32Xtals            0x000021c4   0x6c  Data  Lc  sysctl.o [4]
g_sCompDCMInst          0x200009bc   0x58  Data  Gb  main.o [1]
g_sI2CInst              0x20000898  0x124  Data  Gb  main.o [1]
g_sMPU9150Inst          0x20000814   0x6c  Data  Gb  main.o [1]
g_ui32Base              0x20000aa8    0x4  Data  Lc  uartstdio.o [1]
g_ui32Colors            0x20000000    0xc  Data  Lc  rgb.o [1]
g_ui32PortNum           0x20000aac    0x4  Data  Lc  uartstdio.o [1]
g_ui32PrintSkipCounter  0x2000088c    0x4  Data  Gb  main.o [1]
g_ui32UARTBase          0x00001bcc    0xc  Data  Lc  uartstdio.o [1]
g_ui32UARTInt           0x00001bd8    0xc  Data  Lc  uartstdio.o [1]
g_ui32UARTPeriph        0x00001be4    0xc  Data  Lc  uartstdio.o [1]
g_ui32UARTRxReadIndex   0x20000aa4    0x4  Data  Lc  uartstdio.o [1]
g_ui32UARTRxWriteIndex  0x20000aa0    0x4  Data  Lc  uartstdio.o [1]
g_ui32UARTTxReadIndex   0x20000a9c    0x4  Data  Lc  uartstdio.o [1]
g_ui32UARTTxWriteIndex  0x20000a98    0x4  Data  Lc  uartstdio.o [1]
g_vui8ErrorFlag         0x20000894    0x4  Data  Gb  main.o [1]
g_vui8I2CDoneFlag       0x20000890    0x4  Data  Gb  main.o [1]
main                    0x00000399  0x492  Code  Gb  main.o [1]
memchr                  0x00003565         Code  Gb  memchr.o [6]
pui32Stack              0x20000014  0x400  Data  Lc  startup_ewarm.o [1]
sprintf                 0x00001edd   0x34  Code  Gb  sprintf.o [3]
sqrtf                   0x00003279         Code  Gb  sqrtf.o [5]
strchr                  0x00003515         Code  Gb  strchr.o [6]
strlen                  0x0000352d         Code  Gb  strlen.o [6]


[1] = F:\Users\Matthew\Documents\GitHub\Ascension_HADES_Payloads_SW\HADES_Software\ewarm\Obj
[2] = command line
[3] = dl7M_tln.a
[4] = driverlib.a
[5] = m7M_tls.a
[6] = rt7M_tl.a
[7] = sensorlib.a
[8] = shb_l.a

  13 830 bytes of readonly  code memory
     678 bytes of readonly  data memory
   2 740 bytes of readwrite data memory

Errors: none
Warnings: none
