###############################################################################
#
# IAR ELF Linker V7.70.1.11437/W32 for ARM                18/Oct/2016  16:15:06
# Copyright 2007-2016 IAR Systems AB.
#
#    Output file  =  
#        E:\Classes\9th Semester - Fall 2016\Prelim - AE427\Payloads\LaunchPad
#        TI Software\examples\boards\ek-tm4c123gxl\blinky\ewarm\Exe\blinky.out
#    Map file     =  
#        E:\Classes\9th Semester - Fall 2016\Prelim - AE427\Payloads\LaunchPad
#        TI Software\examples\boards\ek-tm4c123gxl\blinky\ewarm\List\blinky.map
#    Command line =  
#        "E:\Classes\9th Semester - Fall 2016\Prelim - AE427\Payloads\LaunchPad
#        TI Software\examples\boards\ek-tm4c123gxl\blinky\ewarm\Obj\blinky.o"
#        "E:\Classes\9th Semester - Fall 2016\Prelim - AE427\Payloads\LaunchPad
#        TI Software\driverlib\ewarm\Exe\driverlib.a" "E:\Classes\9th Semester
#        - Fall 2016\Prelim - AE427\Payloads\LaunchPad TI
#        Software\examples\boards\ek-tm4c123gxl\blinky\ewarm\Obj\startup_ewarm.o"
#        --redirect _Printf=_PrintfTiny --redirect _Scanf=_ScanfSmall -o
#        "E:\Classes\9th Semester - Fall 2016\Prelim - AE427\Payloads\LaunchPad
#        TI Software\examples\boards\ek-tm4c123gxl\blinky\ewarm\Exe\blinky.out"
#        --map "E:\Classes\9th Semester - Fall 2016\Prelim -
#        AE427\Payloads\LaunchPad TI
#        Software\examples\boards\ek-tm4c123gxl\blinky\ewarm\List\blinky.map"
#        --config "E:\Classes\9th Semester - Fall 2016\Prelim -
#        AE427\Payloads\LaunchPad TI
#        Software\examples\boards\ek-tm4c123gxl\blinky\blinky.icf"
#        --semihosting --entry __iar_program_start --vfe
#
###############################################################################

*******************************************************************************
*** RUNTIME MODEL ATTRIBUTES
***

CppFlavor       = *
__SystemLibrary = DLib


*******************************************************************************
*** PLACEMENT SUMMARY
***

"A0":  place at start of [0x00000000-0x0003ffff] { ro section .intvec };
"P1":  place in [from 0x00000000 to 0x0003ffff] { ro };
"P2":  place in [from 0x20000000 to 0x20007fff] { rw, block HEAP };
do not initialize { section .noinit };

  Section  Kind        Address   Size  Object
  -------  ----        -------   ----  ------
"A0":                           0x26c
  .intvec  const    0x00000000  0x26c  startup_ewarm.o [1]
                  - 0x0000026c  0x26c

"P1":                           0x3c8
  .text    ro code  0x0000026c  0x148  gpio.o [4]
  .text    ro code  0x000003b4  0x140  sysctl.o [4]
  .text    ro code  0x000004f4   0xae  blinky.o [1]
  .text    ro code  0x000005a4   0x22  fpinit_M.o [5]
  .text    ro code  0x000005c8   0x1a  startup_ewarm.o [1]
  .text    ro code  0x000005e2    0xc  cstartup_M.o [6]
  .text    ro code  0x000005f0   0x1a  cmain.o [6]
  .text    ro code  0x0000060a    0x4  low_level_init.o [3]
  .text    ro code  0x0000060e    0x4  exit.o [3]
  .text    ro code  0x00000614    0xa  cexit.o [6]
  .text    ro code  0x00000620   0x14  exit.o [7]
                  - 0x00000634  0x3c8

"P2":                           0x200
  .noinit  uninit   0x20000000  0x200  startup_ewarm.o [1]
                  - 0x20000200  0x200



*******************************************************************************
*** MODULE SUMMARY
***

    Module            ro code  ro data  rw data
    ------            -------  -------  -------
E:\Classes\9th Semester - Fall 2016\Prelim - AE427\Payloads\LaunchPad TI Software\examples\boards\ek-tm4c123gxl\blinky\ewarm\Obj: [1]
    blinky.o              174
    startup_ewarm.o        26      620      512
    -------------------------------------------
    Total:                200      620      512

command line: [2]
    -------------------------------------------
    Total:

dl7M_tln.a: [3]
    exit.o                  4
    low_level_init.o        4
    -------------------------------------------
    Total:                  8

driverlib.a: [4]
    gpio.o                328
    sysctl.o              320
    -------------------------------------------
    Total:                648

m7M_tls.a: [5]
    fpinit_M.o             34
    -------------------------------------------
    Total:                 34

rt7M_tl.a: [6]
    cexit.o                10
    cmain.o                26
    cstartup_M.o           12
    -------------------------------------------
    Total:                 48

shb_l.a: [7]
    exit.o                 20
    -------------------------------------------
    Total:                 20

    Gaps                   10
-----------------------------------------------
    Grand Total:          968      620      512


*******************************************************************************
*** ENTRY LIST
***

Entry                      Address   Size  Type      Object
-----                      -------   ----  ----      ------
?main                   0x000005f1         Code  Gb  cmain.o [6]
FaultISR                0x000005df    0x2  Code  Lc  startup_ewarm.o [1]
GPIODirModeSet          0x0000026d   0x28  Code  Gb  gpio.o [4]
GPIOPadConfigSet        0x00000295   0xfe  Code  Gb  gpio.o [4]
GPIOPinTypeGPIOOutput   0x00000399    0xa  Code  Gb  gpio.o [4]
GPIOPinWrite            0x00000393    0x6  Code  Gb  gpio.o [4]
IntDefaultHandler       0x000005e1    0x2  Code  Lc  startup_ewarm.o [1]
NmiSR                   0x000005dd    0x2  Code  Lc  startup_ewarm.o [1]
Region$$Table$$Base     0x00000000          --   Gb  - Linker created -
Region$$Table$$Limit    0x00000000          --   Gb  - Linker created -
ResetISR                0x000005c9    0xe  Code  Gb  startup_ewarm.o [1]
SysCtlClockSet          0x000003f9   0xd8  Code  Gb  sysctl.o [4]
SysCtlDelay             0x000003f1    0x8  Code  Gb  sysctl.o [4]
SysCtlPeripheralEnable  0x000003d5    0x8  Code  Gb  sysctl.o [4]
SysCtlPeripheralReady   0x000003b5    0x8  Code  Gb  sysctl.o [4]
__cmain                 0x000005f1         Code  Gb  cmain.o [6]
__exit                  0x00000621   0x14  Code  Gb  exit.o [7]
__iar_init_vfp          0x000005a5         Code  Gb  fpinit_M.o [5]
__iar_program_start     0x000005e3         Code  Gb  cstartup_M.o [6]
__low_level_init        0x0000060b    0x4  Code  Gb  low_level_init.o [3]
__vector_table          0x00000000  0x26c  Data  Gb  startup_ewarm.o [1]
_call_main              0x000005fd         Code  Gb  cmain.o [6]
_exit                   0x00000615         Code  Gb  cexit.o [6]
_main                   0x00000607         Code  Gb  cmain.o [6]
exit                    0x0000060f    0x4  Code  Gb  exit.o [3]
main                    0x000004f5   0x70  Code  Gb  blinky.o [1]
pui32Stack              0x20000000  0x200  Data  Lc  startup_ewarm.o [1]


[1] = E:\Classes\9th Semester - Fall 2016\Prelim - AE427\Payloads\LaunchPad TI Software\examples\boards\ek-tm4c123gxl\blinky\ewarm\Obj
[2] = command line
[3] = dl7M_tln.a
[4] = driverlib.a
[5] = m7M_tls.a
[6] = rt7M_tl.a
[7] = shb_l.a

  968 bytes of readonly  code memory
  620 bytes of readonly  data memory
  512 bytes of readwrite data memory

Errors: none
Warnings: none
