###############################################################################
#
# IAR ELF Linker V7.70.1.11437/W32 for ARM                18/Oct/2016  16:03:00
# Copyright 2007-2016 IAR Systems AB.
#
#    Output file  =  
#        E:\Classes\9th Semester - Fall 2016\Prelim - AE427\Payloads\LaunchPad
#        TI Software\examples\boards\ek-tm4c123gxl\timers\ewarm\Exe\timers.out
#    Map file     =  
#        E:\Classes\9th Semester - Fall 2016\Prelim - AE427\Payloads\LaunchPad
#        TI Software\examples\boards\ek-tm4c123gxl\timers\ewarm\List\timers.map
#    Command line =  
#        "E:\Classes\9th Semester - Fall 2016\Prelim - AE427\Payloads\LaunchPad
#        TI Software\driverlib\ewarm\Exe\driverlib.a" "E:\Classes\9th Semester
#        - Fall 2016\Prelim - AE427\Payloads\LaunchPad TI
#        Software\examples\boards\ek-tm4c123gxl\timers\ewarm\Obj\startup_ewarm.o"
#        "E:\Classes\9th Semester - Fall 2016\Prelim - AE427\Payloads\LaunchPad
#        TI Software\examples\boards\ek-tm4c123gxl\timers\ewarm\Obj\timers.o"
#        "E:\Classes\9th Semester - Fall 2016\Prelim - AE427\Payloads\LaunchPad
#        TI
#        Software\examples\boards\ek-tm4c123gxl\timers\ewarm\Obj\uartstdio.o"
#        --redirect _Printf=_PrintfTiny --redirect _Scanf=_ScanfSmall -o
#        "E:\Classes\9th Semester - Fall 2016\Prelim - AE427\Payloads\LaunchPad
#        TI Software\examples\boards\ek-tm4c123gxl\timers\ewarm\Exe\timers.out"
#        --map "E:\Classes\9th Semester - Fall 2016\Prelim -
#        AE427\Payloads\LaunchPad TI
#        Software\examples\boards\ek-tm4c123gxl\timers\ewarm\List\timers.map"
#        --config "E:\Classes\9th Semester - Fall 2016\Prelim -
#        AE427\Payloads\LaunchPad TI
#        Software\examples\boards\ek-tm4c123gxl\timers\timers.icf"
#        --semihosting --entry __iar_program_start --vfe
#
###############################################################################

*******************************************************************************
*** RUNTIME MODEL ATTRIBUTES
***

CppFlavor       = *
__SystemLibrary = DLib


*******************************************************************************
*** PLACEMENT SUMMARY
***

"A0":  place at start of [0x00000000-0x0003ffff] { ro section .intvec };
"P1":  place in [from 0x00000000 to 0x0003ffff] { ro };
"P2":  place in [from 0x20000000 to 0x20007fff] { rw, block HEAP };
do not initialize { section .noinit };

  Section          Kind        Address   Size  Object
  -------          ----        -------   ----  ------
"A0":                                   0x26c
  .intvec          const    0x00000000  0x26c  startup_ewarm.o [1]
                          - 0x0000026c  0x26c

"P1":                                   0x62c
  .text            ro code  0x0000026c  0x264  uartstdio.o [1]
  .text            ro code  0x000004d0   0x66  ABImemset.o [6]
  .text            ro code  0x00000538  0x248  timers.o [1]
  .text            ro code  0x00000780    0x6  gpio.o [4]
  .text            ro code  0x00000788    0x6  uart.o [4]
  .text            ro code  0x0000078e   0x40  zero_init3.o [6]
  .text            ro code  0x000007d0   0x28  data_init.o [6]
  .text            ro code  0x000007f8   0x22  fpinit_M.o [5]
  .iar.init_table  const    0x0000081c   0x10  - Linker created -
  .text            ro code  0x0000082c   0x1a  startup_ewarm.o [1]
  .text            ro code  0x00000846    0xc  cstartup_M.o [6]
  .text            ro code  0x00000854   0x1a  cmain.o [6]
  .text            ro code  0x0000086e    0x4  low_level_init.o [3]
  .text            ro code  0x00000872    0x4  exit.o [3]
  .text            ro code  0x00000878    0xa  cexit.o [6]
  .text            ro code  0x00000884   0x14  exit.o [7]
  .rodata          const    0x00000898    0x0  zero_init3.o [6]
                          - 0x00000898  0x62c

"P2", part 1 of 2:                        0xc
  .bss             zero     0x20000000    0x8  uartstdio.o [1]
  .bss             zero     0x20000008    0x4  timers.o [1]
                          - 0x2000000c    0xc

"P2", part 2 of 2:                      0x100
  .noinit          uninit   0x2000000c  0x100  startup_ewarm.o [1]
                          - 0x2000010c  0x100


*******************************************************************************
*** INIT TABLE
***

          Address     Size
          -------     ----
Zero (__iar_zero_init3)
    1 destination range, total size 0xc:
          0x20000000   0xc



*******************************************************************************
*** MODULE SUMMARY
***

    Module            ro code  ro data  rw data
    ------            -------  -------  -------
E:\Classes\9th Semester - Fall 2016\Prelim - AE427\Payloads\LaunchPad TI Software\examples\boards\ek-tm4c123gxl\timers\ewarm\Obj: [1]
    startup_ewarm.o        26      620      256
    timers.o              584                 4
    uartstdio.o           612                 8
    -------------------------------------------
    Total:              1 222      620      268

command line: [2]
    -------------------------------------------
    Total:

dl7M_tln.a: [3]
    exit.o                  4
    low_level_init.o        4
    -------------------------------------------
    Total:                  8

driverlib.a: [4]
    gpio.o                  6
    uart.o                  6
    -------------------------------------------
    Total:                 12

m7M_tls.a: [5]
    fpinit_M.o             34
    -------------------------------------------
    Total:                 34

rt7M_tl.a: [6]
    ABImemset.o           102
    cexit.o                10
    cmain.o                26
    cstartup_M.o           12
    data_init.o            40
    zero_init3.o           64
    -------------------------------------------
    Total:                254

shb_l.a: [7]
    exit.o                 20
    -------------------------------------------
    Total:                 20

    Gaps                   12        2
    Linker created                  16
-----------------------------------------------
    Grand Total:        1 562      638      268


*******************************************************************************
*** ENTRY LIST
***

Entry                      Address   Size  Type      Object
-----                      -------   ----  ----      ------
.iar.init_table$$Base   0x0000081c          --   Gb  - Linker created -
.iar.init_table$$Limit  0x0000082c          --   Gb  - Linker created -
?main                   0x00000855         Code  Gb  cmain.o [6]
ConfigureUART           0x00000603   0x4a  Code  Gb  timers.o [1]
FaultISR                0x00000843    0x2  Code  Lc  startup_ewarm.o [1]
GPIOPinWrite            0x00000781    0x6  Code  Gb  gpio.o [4]
IntDefaultHandler       0x00000845    0x2  Code  Lc  startup_ewarm.o [1]
NmiSR                   0x00000841    0x2  Code  Lc  startup_ewarm.o [1]
Region$$Table$$Base     0x0000081c          --   Gb  - Linker created -
Region$$Table$$Limit    0x0000082c          --   Gb  - Linker created -
ResetISR                0x0000082d    0xe  Code  Gb  startup_ewarm.o [1]
Timer0IntHandler        0x00000539   0x54  Code  Gb  timers.o [1]
Timer1IntHandler        0x0000058d   0x54  Code  Gb  timers.o [1]
UARTClockSourceSet      0x00000789    0x6  Code  Gb  uart.o [4]
UARTStdioConfig         0x0000026d   0x50  Code  Gb  uartstdio.o [1]
UARTgets::bLastWasCR    0x20000000    0x1  Data  Lc  uartstdio.o [1]
UARTprintf              0x0000048f    0xe  Code  Gb  uartstdio.o [1]
UARTvprintf             0x000002f3  0x184  Code  Gb  uartstdio.o [1]
UARTwrite               0x000002bd   0x36  Code  Gb  uartstdio.o [1]
__aeabi_memset          0x000004d1         Code  Gb  ABImemset.o [6]
__cmain                 0x00000855         Code  Gb  cmain.o [6]
__exit                  0x00000885   0x14  Code  Gb  exit.o [7]
__iar_Memset            0x000004d1         Code  Gb  ABImemset.o [6]
__iar_Memset_word       0x000004d9         Code  Gb  ABImemset.o [6]
__iar_data_init3        0x000007d1   0x28  Code  Gb  data_init.o [6]
__iar_init_vfp          0x000007f9         Code  Gb  fpinit_M.o [5]
__iar_program_start     0x00000847         Code  Gb  cstartup_M.o [6]
__iar_zero_init3        0x0000078f   0x40  Code  Gb  zero_init3.o [6]
__low_level_init        0x0000086f    0x4  Code  Gb  low_level_init.o [3]
__vector_table          0x00000000  0x26c  Data  Gb  startup_ewarm.o [1]
_call_main              0x00000861         Code  Gb  cmain.o [6]
_exit                   0x00000879         Code  Gb  cexit.o [6]
_main                   0x0000086b         Code  Gb  cmain.o [6]
exit                    0x00000873    0x4  Code  Gb  exit.o [3]
g_ui32Base              0x20000004    0x4  Data  Lc  uartstdio.o [1]
g_ui32Flags             0x20000008    0x4  Data  Gb  timers.o [1]
g_ui32UARTBase          0x000004b8    0xc  Data  Lc  uartstdio.o [1]
g_ui32UARTPeriph        0x000004c4    0xc  Data  Lc  uartstdio.o [1]
main                    0x0000064d   0xc4  Code  Gb  timers.o [1]
pui32Stack              0x2000000c  0x100  Data  Lc  startup_ewarm.o [1]


[1] = E:\Classes\9th Semester - Fall 2016\Prelim - AE427\Payloads\LaunchPad TI Software\examples\boards\ek-tm4c123gxl\timers\ewarm\Obj
[2] = command line
[3] = dl7M_tln.a
[4] = driverlib.a
[5] = m7M_tls.a
[6] = rt7M_tl.a
[7] = shb_l.a

  1 562 bytes of readonly  code memory
    638 bytes of readonly  data memory
    268 bytes of readwrite data memory

Errors: none
Warnings: none
