###############################################################################
#
# IAR ELF Linker V7.80.3.12102/W32 for ARM                19/Mar/2017  16:42:40
# Copyright 2007-2016 IAR Systems AB.
#
#    Output file  =  
#        F:\Users\Matthew\Documents\GitHub\Ascension_HADES_Payloads_SW\examples\boards\ek-tm4c123gxl-boostxl-senshub\compdcm_mpu9150\ewarm\Exe\compdcm_mpu9150.out
#    Map file     =  
#        F:\Users\Matthew\Documents\GitHub\Ascension_HADES_Payloads_SW\examples\boards\ek-tm4c123gxl-boostxl-senshub\compdcm_mpu9150\ewarm\List\compdcm_mpu9150.map
#    Command line =  
#        F:\Users\Matthew\Documents\GitHub\Ascension_HADES_Payloads_SW\examples\boards\ek-tm4c123gxl-boostxl-senshub\compdcm_mpu9150\ewarm\Obj\compdcm_mpu9150.o
#        F:\Users\Matthew\Documents\GitHub\Ascension_HADES_Payloads_SW\driverlib\ewarm\Exe\driverlib.a
#        F:\Users\Matthew\Documents\GitHub\Ascension_HADES_Payloads_SW\examples\boards\ek-tm4c123gxl-boostxl-senshub\compdcm_mpu9150\ewarm\Obj\rgb.o
#        F:\Users\Matthew\Documents\GitHub\Ascension_HADES_Payloads_SW\sensorlib\ewarm\Exe\sensorlib.a
#        F:\Users\Matthew\Documents\GitHub\Ascension_HADES_Payloads_SW\examples\boards\ek-tm4c123gxl-boostxl-senshub\compdcm_mpu9150\ewarm\Obj\startup_ewarm.o
#        F:\Users\Matthew\Documents\GitHub\Ascension_HADES_Payloads_SW\examples\boards\ek-tm4c123gxl-boostxl-senshub\compdcm_mpu9150\ewarm\Obj\uartstdio.o
#        --redirect _Printf=_PrintfTiny --redirect _Scanf=_ScanfSmall -o
#        F:\Users\Matthew\Documents\GitHub\Ascension_HADES_Payloads_SW\examples\boards\ek-tm4c123gxl-boostxl-senshub\compdcm_mpu9150\ewarm\Exe\compdcm_mpu9150.out
#        --map
#        F:\Users\Matthew\Documents\GitHub\Ascension_HADES_Payloads_SW\examples\boards\ek-tm4c123gxl-boostxl-senshub\compdcm_mpu9150\ewarm\List\compdcm_mpu9150.map
#        --config
#        F:\Users\Matthew\Documents\GitHub\Ascension_HADES_Payloads_SW\examples\boards\ek-tm4c123gxl-boostxl-senshub\compdcm_mpu9150\compdcm_mpu9150.icf
#        --semihosting --entry __iar_program_start --vfe
#
###############################################################################

*******************************************************************************
*** RUNTIME MODEL ATTRIBUTES
***

CppFlavor       = *
__SystemLibrary = DLib


*******************************************************************************
*** PLACEMENT SUMMARY
***

"A0":  place at start of [0x00000000-0x0003ffff] { ro section .intvec };
"P1":  place in [from 0x00000000 to 0x0003ffff] { ro };
"P2":  place in [from 0x20000000 to 0x20007fff] { rw, block HEAP };
do not initialize { section .noinit };
initialize by copy { rw };

  Section             Kind        Address    Size  Object
  -------             ----        -------    ----  ------
"A0":                                       0x26c
  .intvec             const    0x00000000   0x26c  startup_ewarm.o [1]
                             - 0x0000026c   0x26c

"P1":                                      0x321c
  .text               ro code  0x0000026c   0x978  compdcm_mpu9150.o [1]
  .text               ro code  0x00000be4   0x2c8  gpio.o [4]
  .text               ro code  0x00000eac   0x3b0  mpu9150.o [7]
  .text               ro code  0x0000125c   0x424  i2cm_drv.o [7]
  .text               ro code  0x00001680   0x4e8  uartstdio.o [1]
  .text               ro code  0x00001b68   0x2e4  rgb.o [1]
  .text               ro code  0x00001e4c    0x34  sprintf.o [3]
  .text               ro code  0x00001e80   0x320  sysctl.o [4]
  .text               ro code  0x000021a0     0x6  uart.o [4]
  .text               ro code  0x000021a6     0xa  xsprout.o [3]
  .text               ro code  0x000021b0   0x154  interrupt.o [4]
  .text               ro code  0x00002304   0x57e  comp_dcm.o [7]
  .text               ro code  0x00002882    0x1e  mpu9150.o [7]
  .text               ro code  0x000028a0    0x20  mpu9150.o [7]
  .text               ro code  0x000028c0    0x90  DblToFlt.o [5]
  .text               ro code  0x00002950   0x1a2  DblMul.o [5]
  .text               ro code  0x00002af4    0x4e  FltToDbl.o [5]
  .text               ro code  0x00002b44    0x8c  i2c.o [4]
  .text               ro code  0x00002bd0    0x20  i2cm_drv.o [7]
  .text               ro code  0x00002bf0    0x66  ABImemset.o [6]
  .text               ro code  0x00002c58    0x46  FltToU64.o [5]
  .text               ro code  0x00002c9e   0x14e  xprintftiny.o [3]
  .text               ro code  0x00002dec     0xc  cpu.o [4]
  .text               ro code  0x00002df8    0xcc  vector.o [7]
  .text               ro code  0x00002ec4    0x1c  sqrtf.o [5]
  .text               ro code  0x00002ee0    0x38  xfdtest.o [5]
  .text               ro code  0x00002f18   0x180  DblSub.o [5]
  .text               ro code  0x00003098    0x6a  atan2f.o [5]
  .text               ro code  0x00003104    0x5c  asinf.o [5]
  .text               ro code  0x00003160    0x36  strlen.o [6]
  .text               ro code  0x00003198     0xc  iarEdom.o [6]
  .text               ro code  0x000031a4    0xd4  DblAdd.o [5]
  .text               ro code  0x00003278    0xa4  xatanf.o [5]
  .text               ro code  0x0000331c     0xc  errno.o [3]
  .text               ro code  0x00003328     0x2  xtls.o [3]
  .text               ro code  0x0000332a    0x40  zero_init3.o [6]
  .text               ro code  0x0000336a    0x2c  copy_init3.o [6]
  .text               ro code  0x00003398    0x28  data_init.o [6]
  .text               ro code  0x000033c0    0x22  fpinit_M.o [5]
  .iar.init_table     const    0x000033e4    0x24  - Linker created -
  .text               ro code  0x00003408    0x1a  startup_ewarm.o [1]
  .text               ro code  0x00003422     0xc  cstartup_M.o [6]
  .text               ro code  0x00003430    0x1a  cmain.o [6]
  .text               ro code  0x0000344a     0x4  low_level_init.o [3]
  .text               ro code  0x0000344e     0x4  exit.o [3]
  .text               ro code  0x00003454     0xa  cexit.o [6]
  .text               ro code  0x00003460    0x14  exit.o [8]
  Initializer bytes   const    0x00003474    0x14  <for P2-1>
  .rodata             const    0x00003488     0x0  zero_init3.o [6]
  .rodata             const    0x00003488     0x0  copy_init3.o [6]
                             - 0x00003488  0x321c

"P2", part 1 of 3:                           0x14
  P2-1                         0x20000000    0x14  <Init block>
    .data             inited   0x20000000    0x10  rgb.o [1]
    __DLIB_PERTHREAD  inited   0x20000010     0x4  errno.o [3]
                             - 0x20000014    0x14

"P2", part 2 of 3:                          0x400
  .noinit             uninit   0x20000014   0x400  startup_ewarm.o [1]
                             - 0x20000414   0x400

"P2", part 3 of 3:                          0x6a0
  .bss                zero     0x20000414   0x400  uartstdio.o [1]
  .bss                zero     0x20000814   0x200  compdcm_mpu9150.o [1]
  .bss                zero     0x20000a14    0x80  uartstdio.o [1]
  .bss                zero     0x20000a94    0x1c  uartstdio.o [1]
  .bss                zero     0x20000ab0     0x4  rgb.o [1]
                             - 0x20000ab4   0x6a0


*******************************************************************************
*** INIT TABLE
***

          Address     Size
          -------     ----
Zero (__iar_zero_init3)
    1 destination range, total size 0x6a0:
          0x20000414  0x6a0

Copy (__iar_copy_init3)
    1 source range, total size 0x14:
          0x00003474   0x14
    1 destination range, total size 0x14:
          0x20000000   0x14



*******************************************************************************
*** MODULE SUMMARY
***

    Module             ro code  ro data  rw data
    ------             -------  -------  -------
F:\Users\Matthew\Documents\GitHub\Ascension_HADES_Payloads_SW\examples\boards\ek-tm4c123gxl-boostxl-senshub\compdcm_mpu9150\ewarm\Obj: [1]
    compdcm_mpu9150.o    2 424               512
    rgb.o                  740       16       20
    startup_ewarm.o         26      620    1 024
    uartstdio.o          1 256             1 180
    --------------------------------------------
    Total:               4 446      636    2 736

command line: [2]
    --------------------------------------------
    Total:

dl7M_tln.a: [3]
    errno.o                 12        4        4
    exit.o                   4
    low_level_init.o         4
    sprintf.o               52
    xprintftiny.o          334
    xsprout.o               10
    xtls.o                   2
    --------------------------------------------
    Total:                 418        4        4

driverlib.a: [4]
    cpu.o                   12
    gpio.o                 712
    i2c.o                  140
    interrupt.o            340
    sysctl.o               800
    uart.o                   6
    --------------------------------------------
    Total:               2 010

m7M_tls.a: [5]
    DblAdd.o               212
    DblMul.o               418
    DblSub.o               384
    DblToFlt.o             144
    FltToDbl.o              78
    FltToU64.o              70
    asinf.o                 92
    atan2f.o               106
    fpinit_M.o              34
    sqrtf.o                 28
    xatanf.o               164
    xfdtest.o               56
    --------------------------------------------
    Total:               1 786

rt7M_tl.a: [6]
    ABImemset.o            102
    cexit.o                 10
    cmain.o                 26
    copy_init3.o            44
    cstartup_M.o            12
    data_init.o             40
    iarEdom.o               12
    strlen.o                54
    zero_init3.o            64
    --------------------------------------------
    Total:                 364

sensorlib.a: [7]
    comp_dcm.o           1 406
    i2cm_drv.o           1 092
    mpu9150.o            1 006
    vector.o               204
    --------------------------------------------
    Total:               3 708

shb_l.a: [8]
    exit.o                  20
    --------------------------------------------
    Total:                  20

    Gaps                    18        2
    Linker created                   36
------------------------------------------------
    Grand Total:        12 770      678    2 740


*******************************************************************************
*** ENTRY LIST
***

Entry                      Address   Size  Type      Object
-----                      -------   ----  ----      ------
.iar.init_table$$Base   0x000033e4          --   Gb  - Linker created -
.iar.init_table$$Limit  0x00003408          --   Gb  - Linker created -
?main                   0x00003431         Code  Gb  cmain.o [6]
CPUcpsie                0x00002ded    0x8  Code  Gb  cpu.o [4]
CPUwfi                  0x00002df5    0x4  Code  Gb  cpu.o [4]
CompDCMAccelUpdate      0x00002335    0xe  Code  Gb  comp_dcm.o [7]
CompDCMComputeEulers    0x00002689   0x42  Code  Gb  comp_dcm.o [7]
CompDCMComputeQuaternion
                        0x000026cb  0x1b8  Code  Gb  comp_dcm.o [7]
CompDCMGyroUpdate       0x00002343    0xe  Code  Gb  comp_dcm.o [7]
CompDCMInit             0x00002305   0x30  Code  Gb  comp_dcm.o [7]
CompDCMMagnetoUpdate    0x00002351    0xe  Code  Gb  comp_dcm.o [7]
CompDCMStart            0x0000235f   0x9a  Code  Gb  comp_dcm.o [7]
CompDCMUpdate           0x000023f9  0x22a  Code  Gb  comp_dcm.o [7]
ConfigureUART           0x00000343   0x46  Code  Gb  compdcm_mpu9150.o [1]
FaultISR                0x0000341f    0x2  Code  Lc  startup_ewarm.o [1]
GPIODirModeSet          0x00000be5   0x28  Code  Gb  gpio.o [4]
GPIOIntClear            0x00000d6d    0x6  Code  Gb  gpio.o [4]
GPIOIntEnable           0x00000d57    0x6  Code  Gb  gpio.o [4]
GPIOIntStatus           0x00000d5d   0x10  Code  Gb  gpio.o [4]
GPIOIntTypeSet          0x00000c0d   0x4c  Code  Gb  gpio.o [4]
GPIOPadConfigSet        0x00000c59   0xfe  Code  Gb  gpio.o [4]
GPIOPinConfigure        0x00000dd7   0x38  Code  Gb  gpio.o [4]
GPIOPinTypeGPIOInput    0x00000d77   0x14  Code  Gb  gpio.o [4]
GPIOPinTypeI2C          0x00000d8b   0x14  Code  Gb  gpio.o [4]
GPIOPinTypeI2CSCL       0x00000d9f   0x14  Code  Gb  gpio.o [4]
GPIOPinTypeUART         0x00000dbb   0x14  Code  Gb  gpio.o [4]
I2CMCommand             0x00001553   0x7e  Code  Gb  i2cm_drv.o [7]
I2CMInit                0x0000151f   0x34  Code  Gb  i2cm_drv.o [7]
I2CMIntHandler          0x000012ed  0x216  Code  Gb  i2cm_drv.o [7]
I2CMRead                0x000028a1   0x20  Code  Gb  mpu9150.o [7]
I2CMStateIdle           0x0000125d   0x90  Code  Lc  i2cm_drv.o [7]
I2CMTransferResume      0x000015d1   0x30  Code  Gb  i2cm_drv.o [7]
I2CMWrite               0x00002883   0x1e  Code  Gb  mpu9150.o [7]
I2CMWrite8              0x0000162f   0x3e  Code  Gb  i2cm_drv.o [7]
I2CMWrite8Callback      0x00001601   0x2e  Code  Lc  i2cm_drv.o [7]
I2CMWriteBatched        0x00002bd1   0x20  Code  Gb  i2cm_drv.o [7]
I2CMasterControl        0x00002ba9    0x4  Code  Gb  i2c.o [4]
I2CMasterDataGet        0x00002bb1    0x4  Code  Gb  i2c.o [4]
I2CMasterDataPut        0x00002bad    0x4  Code  Gb  i2c.o [4]
I2CMasterEnable         0x00002b87    0xc  Code  Gb  i2c.o [4]
I2CMasterInitExpClk     0x00002b45   0x42  Code  Gb  i2c.o [4]
I2CMasterIntClear       0x00002b99    0x8  Code  Gb  i2c.o [4]
I2CMasterIntEnableEx    0x00002b93    0x6  Code  Gb  i2c.o [4]
I2CMasterSlaveAddrSet   0x00002ba1    0x8  Code  Gb  i2c.o [4]
IntDefaultHandler       0x00003421    0x2  Code  Lc  startup_ewarm.o [1]
IntDisable              0x00002217   0x56  Code  Gb  interrupt.o [4]
IntEnable               0x000021c1   0x56  Code  Gb  interrupt.o [4]
IntGPIOb                0x0000027b   0x30  Code  Gb  compdcm_mpu9150.o [1]
IntIsEnabled            0x0000226d   0x5c  Code  Gb  interrupt.o [4]
IntMasterEnable         0x000021b1    0x8  Code  Gb  interrupt.o [4]
IntTrigger              0x000022c9    0x8  Code  Gb  interrupt.o [4]
IsBufferEmpty           0x0000169b   0x10  Code  Lc  uartstdio.o [1]
IsBufferFull            0x00001681   0x1a  Code  Lc  uartstdio.o [1]
MPU9150AppCallback      0x0000026d    0xe  Code  Gb  compdcm_mpu9150.o [1]
MPU9150AppErrorHandler  0x000002b3   0x52  Code  Gb  compdcm_mpu9150.o [1]
MPU9150AppI2CWait       0x00000305   0x3e  Code  Gb  compdcm_mpu9150.o [1]
MPU9150Callback         0x00000ead  0x114  Code  Lc  mpu9150.o [7]
MPU9150DataAccelGetFloat
                        0x00001109   0x3e  Code  Gb  mpu9150.o [7]
MPU9150DataGyroGetFloat
                        0x00001147   0x3e  Code  Gb  mpu9150.o [7]
MPU9150DataMagnetoGetFloat
                        0x000011c1   0x56  Code  Gb  mpu9150.o [7]
MPU9150DataRead         0x000010c3   0x46  Code  Gb  mpu9150.o [7]
MPU9150I2CIntHandler    0x000002ab    0x8  Code  Gb  compdcm_mpu9150.o [1]
MPU9150Init             0x00000ffd   0x44  Code  Gb  mpu9150.o [7]
MPU9150Write            0x00001041   0x6c  Code  Gb  mpu9150.o [7]
NmiSR                   0x0000341d    0x2  Code  Lc  startup_ewarm.o [1]
RGBBlinkIntHandler      0x00001b69   0x28  Code  Gb  rgb.o [1]
RGBBlinkIntHandler::ulFlags
                        0x20000ab0    0x4  Data  Lc  rgb.o [1]
RGBBlinkRateSet         0x00001d9d   0x70  Code  Gb  rgb.o [1]
RGBColorSet             0x00001d21   0x74  Code  Gb  rgb.o [1]
RGBDisable              0x00001cd5   0x4c  Code  Gb  rgb.o [1]
RGBEnable               0x00001c49   0x8c  Code  Gb  rgb.o [1]
RGBInit                 0x00001b91   0xb8  Code  Gb  rgb.o [1]
RGBIntensitySet         0x00001d95    0x8  Code  Gb  rgb.o [1]
Region$$Table$$Base     0x000033e4          --   Gb  - Linker created -
Region$$Table$$Limit    0x00003408          --   Gb  - Linker created -
ResetISR                0x00003409    0xe  Code  Gb  startup_ewarm.o [1]
SysCtlClockGet          0x00001fc9  0x110  Code  Gb  sysctl.o [4]
SysCtlClockSet          0x00001ef1   0xd8  Code  Gb  sysctl.o [4]
SysCtlDelay             0x00001ee9    0x8  Code  Gb  sysctl.o [4]
SysCtlPeripheralClockGating
                        0x00001ea7   0x3c  Code  Gb  sysctl.o [4]
SysCtlPeripheralEnable  0x00001e81    0x8  Code  Gb  sysctl.o [4]
SysCtlPeripheralSleepEnable
                        0x00001e9d    0xa  Code  Gb  sysctl.o [4]
SysCtlSleep             0x00001ee3    0x4  Code  Gb  sysctl.o [4]
UARTClockSourceSet      0x000021a1    0x6  Code  Gb  uart.o [4]
UARTFlushRx             0x000019cb   0x20  Code  Gb  uartstdio.o [1]
UARTFlushTx             0x000019eb   0x30  Code  Gb  uartstdio.o [1]
UARTPrimeTransmit       0x000016ab   0x66  Code  Lc  uartstdio.o [1]
UARTStdioConfig         0x00001711   0x90  Code  Gb  uartstdio.o [1]
UARTStdioIntHandler     0x00001a1b   0xee  Code  Gb  uartstdio.o [1]
UARTStdioIntHandler::bLastWasCR
                        0x20000a95    0x1  Data  Lc  uartstdio.o [1]
UARTprintf              0x000019b1    0xe  Code  Gb  uartstdio.o [1]
UARTvprintf             0x00001823  0x184  Code  Gb  uartstdio.o [1]
UARTwrite               0x000017a1   0x62  Code  Gb  uartstdio.o [1]
VectorAdd               0x00002e97   0x2e  Code  Gb  vector.o [7]
VectorCrossProduct      0x00002e1f   0x52  Code  Gb  vector.o [7]
VectorDotProduct        0x00002df9   0x26  Code  Gb  vector.o [7]
VectorScale             0x00002e71   0x20  Code  Gb  vector.o [7]
_PrintfTiny             0x00002cb7  0x136  Code  Gb  xprintftiny.o [3]
_SProut                 0x000021a7    0xa  Code  Gb  xsprout.o [3]
__aeabi_d2f             0x000028c1         Code  Gb  DblToFlt.o [5]
__aeabi_dmul            0x00002951         Code  Gb  DblMul.o [5]
__aeabi_dsub            0x00002f19         Code  Gb  DblSub.o [5]
__aeabi_errno_addr      0x0000331d    0x6  Code  Gb  errno.o [3]
__aeabi_f2d             0x00002af5         Code  Gb  FltToDbl.o [5]
__aeabi_f2ulz           0x00002c59         Code  Gb  FltToU64.o [5]
__aeabi_memset          0x00002bf1         Code  Gb  ABImemset.o [6]
__cmain                 0x00003431         Code  Gb  cmain.o [6]
__exit                  0x00003461   0x14  Code  Gb  exit.o [8]
__iar_Errno             0x20000010    0x4  Data  Gb  errno.o [3]
__iar_FDtest            0x00002ee1   0x30  Code  Gb  xfdtest.o [5]
__iar_Memset            0x00002bf1         Code  Gb  ABImemset.o [6]
__iar_Memset_word       0x00002bf9         Code  Gb  ABImemset.o [6]
__iar_copy_init3        0x0000336b   0x2c  Code  Gb  copy_init3.o [6]
__iar_dadd              0x000031a5         Code  Gb  DblAdd.o [5]
__iar_data_init3        0x00003399   0x28  Code  Gb  data_init.o [6]
__iar_dlib_perthread_access
                        0x00003329    0x2  Code  Gb  xtls.o [3]
__iar_dsub              0x00002f2d         Code  Gb  DblSub.o [5]
__iar_dsubStart         0x00002f3f         Code  Gb  DblSub.o [5]
__iar_edom              0x00003199         Code  Gb  iarEdom.o [6]
__iar_init_vfp          0x000033c1         Code  Gb  fpinit_M.o [5]
__iar_program_start     0x00003423         Code  Gb  cstartup_M.o [6]
__iar_xatanf            0x00003279         Code  Gb  xatanf.o [5]
__iar_zero_init3        0x0000332b   0x40  Code  Gb  zero_init3.o [6]
__low_level_init        0x0000344b    0x4  Code  Gb  low_level_init.o [3]
__vector_table          0x00000000  0x26c  Data  Gb  startup_ewarm.o [1]
_call_main              0x0000343d         Code  Gb  cmain.o [6]
_exit                   0x00003455         Code  Gb  cexit.o [6]
_main                   0x00003447         Code  Gb  cmain.o [6]
asinf                   0x00003105         Code  Gb  asinf.o [5]
atan2f                  0x00003099         Code  Gb  atan2f.o [5]
exit                    0x0000344f    0x4  Code  Gb  exit.o [3]
g_bDisableEcho          0x20000a94    0x1  Data  Lc  uartstdio.o [1]
g_fIntensity            0x2000000c    0x4  Data  Lc  rgb.o [1]
g_fMPU9150AccelFactors  0x0000123c   0x10  Data  Lc  mpu9150.o [7]
g_fMPU9150GyroFactors   0x0000124c   0x10  Data  Lc  mpu9150.o [7]
g_pcUARTRxBuffer        0x20000a14   0x80  Data  Lc  uartstdio.o [1]
g_pcUARTTxBuffer        0x20000414  0x400  Data  Lc  uartstdio.o [1]
g_pui32Colors           0x20000880    0xc  Data  Gb  compdcm_mpu9150.o [1]
g_pui32Dii16Regs        0x000022f0   0x14  Data  Lc  interrupt.o [4]
g_pui32EnRegs           0x000022dc   0x14  Data  Lc  interrupt.o [4]
g_pui32GPIOBaseAddrs    0x00000e1c   0x90  Data  Lc  gpio.o [4]
g_pui32Xtals            0x00002134   0x6c  Data  Lc  sysctl.o [4]
g_sCompDCMInst          0x200009bc   0x58  Data  Gb  compdcm_mpu9150.o [1]
g_sI2CInst              0x20000898  0x124  Data  Gb  compdcm_mpu9150.o [1]
g_sMPU9150Inst          0x20000814   0x6c  Data  Gb  compdcm_mpu9150.o [1]
g_ui32Base              0x20000aa8    0x4  Data  Lc  uartstdio.o [1]
g_ui32Colors            0x20000000    0xc  Data  Lc  rgb.o [1]
g_ui32PortNum           0x20000aac    0x4  Data  Lc  uartstdio.o [1]
g_ui32PrintSkipCounter  0x20000894    0x4  Data  Gb  compdcm_mpu9150.o [1]
g_ui32UARTBase          0x00001b44    0xc  Data  Lc  uartstdio.o [1]
g_ui32UARTInt           0x00001b50    0xc  Data  Lc  uartstdio.o [1]
g_ui32UARTPeriph        0x00001b5c    0xc  Data  Lc  uartstdio.o [1]
g_ui32UARTRxReadIndex   0x20000aa4    0x4  Data  Lc  uartstdio.o [1]
g_ui32UARTRxWriteIndex  0x20000aa0    0x4  Data  Lc  uartstdio.o [1]
g_ui32UARTTxReadIndex   0x20000a9c    0x4  Data  Lc  uartstdio.o [1]
g_ui32UARTTxWriteIndex  0x20000a98    0x4  Data  Lc  uartstdio.o [1]
g_vui8ErrorFlag         0x20000890    0x4  Data  Gb  compdcm_mpu9150.o [1]
g_vui8I2CDoneFlag       0x2000088c    0x4  Data  Gb  compdcm_mpu9150.o [1]
main                    0x00000389  0x428  Code  Gb  compdcm_mpu9150.o [1]
out                     0x00002c9f   0x18  Code  Lc  xprintftiny.o [3]
pui32Stack              0x20000014  0x400  Data  Lc  startup_ewarm.o [1]
sprintf                 0x00001e4d   0x34  Code  Gb  sprintf.o [3]
sqrtf                   0x00002ec5         Code  Gb  sqrtf.o [5]
strlen                  0x00003161         Code  Gb  strlen.o [6]


[1] = F:\Users\Matthew\Documents\GitHub\Ascension_HADES_Payloads_SW\examples\boards\ek-tm4c123gxl-boostxl-senshub\compdcm_mpu9150\ewarm\Obj
[2] = command line
[3] = dl7M_tln.a
[4] = driverlib.a
[5] = m7M_tls.a
[6] = rt7M_tl.a
[7] = sensorlib.a
[8] = shb_l.a

  12 770 bytes of readonly  code memory
     678 bytes of readonly  data memory
   2 740 bytes of readwrite data memory

Errors: none
Warnings: none
