###############################################################################
#
# IAR ELF Linker V7.80.3.12102/W32 for ARM                01/Mar/2017  22:18:49
# Copyright 2007-2016 IAR Systems AB.
#
#    Output file  =  
#        H:\Ascension_HADES\LaunchPad TI
#        Software\examples\boards\ek-tm4c123gxl-boostxl-senshub\compdcm_mpu9150\ewarm\Exe\compdcm_mpu9150.out
#    Map file     =  
#        H:\Ascension_HADES\LaunchPad TI
#        Software\examples\boards\ek-tm4c123gxl-boostxl-senshub\compdcm_mpu9150\ewarm\List\compdcm_mpu9150.map
#    Command line =  
#        "H:\Ascension_HADES\LaunchPad TI
#        Software\examples\boards\ek-tm4c123gxl-boostxl-senshub\compdcm_mpu9150\ewarm\Obj\compdcm_mpu9150.o"
#        "H:\Ascension_HADES\LaunchPad TI
#        Software\driverlib\ewarm\Exe\driverlib.a"
#        "H:\Ascension_HADES\LaunchPad TI
#        Software\examples\boards\ek-tm4c123gxl-boostxl-senshub\compdcm_mpu9150\ewarm\Obj\elapsed_timing.o"
#        "H:\Ascension_HADES\LaunchPad TI
#        Software\examples\boards\ek-tm4c123gxl-boostxl-senshub\compdcm_mpu9150\ewarm\Obj\rgb.o"
#        "H:\Ascension_HADES\LaunchPad TI
#        Software\sensorlib\ewarm\Exe\sensorlib.a"
#        "H:\Ascension_HADES\LaunchPad TI
#        Software\examples\boards\ek-tm4c123gxl-boostxl-senshub\compdcm_mpu9150\ewarm\Obj\startup_ewarm.o"
#        "H:\Ascension_HADES\LaunchPad TI
#        Software\examples\boards\ek-tm4c123gxl-boostxl-senshub\compdcm_mpu9150\ewarm\Obj\uartstdio.o"
#        --redirect _Printf=_PrintfTiny --redirect _Scanf=_ScanfSmall -o
#        "H:\Ascension_HADES\LaunchPad TI
#        Software\examples\boards\ek-tm4c123gxl-boostxl-senshub\compdcm_mpu9150\ewarm\Exe\compdcm_mpu9150.out"
#        --map "H:\Ascension_HADES\LaunchPad TI
#        Software\examples\boards\ek-tm4c123gxl-boostxl-senshub\compdcm_mpu9150\ewarm\List\compdcm_mpu9150.map"
#        --config "H:\Ascension_HADES\LaunchPad TI
#        Software\examples\boards\ek-tm4c123gxl-boostxl-senshub\compdcm_mpu9150\compdcm_mpu9150.icf"
#        --semihosting --entry __iar_program_start --vfe
#
###############################################################################

*******************************************************************************
*** RUNTIME MODEL ATTRIBUTES
***

CppFlavor       = *
__SystemLibrary = DLib


*******************************************************************************
*** PLACEMENT SUMMARY
***

"A0":  place at start of [0x00000000-0x0003ffff] { ro section .intvec };
"P1":  place in [from 0x00000000 to 0x0003ffff] { ro };
"P2":  place in [from 0x20000000 to 0x20007fff] { rw, block HEAP };
do not initialize { section .noinit };
initialize by copy { rw };

  Section             Kind        Address    Size  Object
  -------             ----        -------    ----  ------
"A0":                                       0x26c
  .intvec             const    0x00000000   0x26c  startup_ewarm.o [1]
                             - 0x0000026c   0x26c

"P1":                                      0x332c
  .text               ro code  0x0000026c   0x974  compdcm_mpu9150.o [1]
  .text               ro code  0x00000be0   0x2c8  gpio.o [4]
  .text               ro code  0x00000ea8   0x3b0  mpu9150.o [7]
  .text               ro code  0x00001258   0x424  i2cm_drv.o [7]
  .text               ro code  0x0000167c   0x4e8  uartstdio.o [1]
  .text               ro code  0x00001b64   0x2e4  rgb.o [1]
  .text               ro code  0x00001e48    0x34  sprintf.o [3]
  .text               ro code  0x00001e7c   0x320  sysctl.o [4]
  .text               ro code  0x0000219c     0x6  uart.o [4]
  .text               ro code  0x000021a2     0xa  xsprout.o [3]
  .text               ro code  0x000021ac    0x70  elapsed_timing.o [1]
  .text               ro code  0x0000221c   0x154  interrupt.o [4]
  .text               ro code  0x00002370   0x57e  comp_dcm.o [7]
  .text               ro code  0x000028ee    0x1e  mpu9150.o [7]
  .text               ro code  0x0000290c    0x20  mpu9150.o [7]
  .text               ro code  0x0000292c    0x90  DblToFlt.o [5]
  .text               ro code  0x000029bc   0x1a2  DblMul.o [5]
  .text               ro code  0x00002b60    0x4e  FltToDbl.o [5]
  .text               ro code  0x00002bb0    0x8c  i2c.o [4]
  .text               ro code  0x00002c3c    0x20  i2cm_drv.o [7]
  .text               ro code  0x00002c5c    0x66  ABImemset.o [6]
  .text               ro code  0x00002cc4    0x46  FltToU64.o [5]
  .text               ro code  0x00002d0a   0x14e  xprintftiny.o [3]
  .text               ro code  0x00002e58     0xc  cpu.o [4]
  .text               ro code  0x00002e64    0xa4  timer.o [4]
  .text               ro code  0x00002f08    0xcc  vector.o [7]
  .text               ro code  0x00002fd4    0x1c  sqrtf.o [5]
  .text               ro code  0x00002ff0    0x38  xfdtest.o [5]
  .text               ro code  0x00003028   0x180  DblSub.o [5]
  .text               ro code  0x000031a8    0x6a  atan2f.o [5]
  .text               ro code  0x00003214    0x5c  asinf.o [5]
  .text               ro code  0x00003270    0x36  strlen.o [6]
  .text               ro code  0x000032a8     0xc  iarEdom.o [6]
  .text               ro code  0x000032b4    0xd4  DblAdd.o [5]
  .text               ro code  0x00003388    0xa4  xatanf.o [5]
  .text               ro code  0x0000342c     0xc  errno.o [3]
  .text               ro code  0x00003438     0x2  xtls.o [3]
  .text               ro code  0x0000343a    0x40  zero_init3.o [6]
  .text               ro code  0x0000347a    0x2c  copy_init3.o [6]
  .text               ro code  0x000034a8    0x28  data_init.o [6]
  .text               ro code  0x000034d0    0x22  fpinit_M.o [5]
  .iar.init_table     const    0x000034f4    0x24  - Linker created -
  .text               ro code  0x00003518    0x1a  startup_ewarm.o [1]
  .text               ro code  0x00003532     0xc  cstartup_M.o [6]
  .text               ro code  0x00003540    0x1a  cmain.o [6]
  .text               ro code  0x0000355a     0x4  low_level_init.o [3]
  .text               ro code  0x0000355e     0x4  exit.o [3]
  .text               ro code  0x00003564     0xa  cexit.o [6]
  .text               ro code  0x00003570    0x14  exit.o [8]
  Initializer bytes   const    0x00003584    0x14  <for P2-1>
  .rodata             const    0x00003598     0x0  zero_init3.o [6]
  .rodata             const    0x00003598     0x0  copy_init3.o [6]
                             - 0x00003598  0x332c

"P2", part 1 of 3:                           0x14
  P2-1                         0x20000000    0x14  <Init block>
    .data             inited   0x20000000    0x10  rgb.o [1]
    __DLIB_PERTHREAD  inited   0x20000010     0x4  errno.o [3]
                             - 0x20000014    0x14

"P2", part 2 of 3:                          0x400
  .noinit             uninit   0x20000014   0x400  startup_ewarm.o [1]
                             - 0x20000414   0x400

"P2", part 3 of 3:                          0x6a0
  .bss                zero     0x20000414   0x400  uartstdio.o [1]
  .bss                zero     0x20000814   0x200  compdcm_mpu9150.o [1]
  .bss                zero     0x20000a14    0x80  uartstdio.o [1]
  .bss                zero     0x20000a94    0x1c  uartstdio.o [1]
  .bss                zero     0x20000ab0     0x4  rgb.o [1]
                             - 0x20000ab4   0x6a0


*******************************************************************************
*** INIT TABLE
***

          Address     Size
          -------     ----
Zero (__iar_zero_init3)
    1 destination range, total size 0x6a0:
          0x20000414  0x6a0

Copy (__iar_copy_init3)
    1 source range, total size 0x14:
          0x00003584   0x14
    1 destination range, total size 0x14:
          0x20000000   0x14



*******************************************************************************
*** MODULE SUMMARY
***

    Module             ro code  ro data  rw data
    ------             -------  -------  -------
H:\Ascension_HADES\LaunchPad TI Software\examples\boards\ek-tm4c123gxl-boostxl-senshub\compdcm_mpu9150\ewarm\Obj: [1]
    compdcm_mpu9150.o    2 420               512
    elapsed_timing.o       112
    rgb.o                  740       16       20
    startup_ewarm.o         26      620    1 024
    uartstdio.o          1 256             1 180
    --------------------------------------------
    Total:               4 554      636    2 736

command line: [2]
    --------------------------------------------
    Total:

dl7M_tln.a: [3]
    errno.o                 12        4        4
    exit.o                   4
    low_level_init.o         4
    sprintf.o               52
    xprintftiny.o          334
    xsprout.o               10
    xtls.o                   2
    --------------------------------------------
    Total:                 418        4        4

driverlib.a: [4]
    cpu.o                   12
    gpio.o                 712
    i2c.o                  140
    interrupt.o            340
    sysctl.o               800
    timer.o                164
    uart.o                   6
    --------------------------------------------
    Total:               2 174

m7M_tls.a: [5]
    DblAdd.o               212
    DblMul.o               418
    DblSub.o               384
    DblToFlt.o             144
    FltToDbl.o              78
    FltToU64.o              70
    asinf.o                 92
    atan2f.o               106
    fpinit_M.o              34
    sqrtf.o                 28
    xatanf.o               164
    xfdtest.o               56
    --------------------------------------------
    Total:               1 786

rt7M_tl.a: [6]
    ABImemset.o            102
    cexit.o                 10
    cmain.o                 26
    copy_init3.o            44
    cstartup_M.o            12
    data_init.o             40
    iarEdom.o               12
    strlen.o                54
    zero_init3.o            64
    --------------------------------------------
    Total:                 364

sensorlib.a: [7]
    comp_dcm.o           1 406
    i2cm_drv.o           1 092
    mpu9150.o            1 006
    vector.o               204
    --------------------------------------------
    Total:               3 708

shb_l.a: [8]
    exit.o                  20
    --------------------------------------------
    Total:                  20

    Gaps                    18        2
    Linker created                   36
------------------------------------------------
    Grand Total:        13 042      678    2 740


*******************************************************************************
*** ENTRY LIST
***

Entry                      Address   Size  Type      Object
-----                      -------   ----  ----      ------
.iar.init_table$$Base   0x000034f4          --   Gb  - Linker created -
.iar.init_table$$Limit  0x00003518          --   Gb  - Linker created -
?main                   0x00003541         Code  Gb  cmain.o [6]
CPUcpsie                0x00002e59    0x8  Code  Gb  cpu.o [4]
CPUwfi                  0x00002e61    0x4  Code  Gb  cpu.o [4]
CompDCMAccelUpdate      0x000023a1    0xe  Code  Gb  comp_dcm.o [7]
CompDCMComputeEulers    0x000026f5   0x42  Code  Gb  comp_dcm.o [7]
CompDCMComputeQuaternion
                        0x00002737  0x1b8  Code  Gb  comp_dcm.o [7]
CompDCMGyroUpdate       0x000023af    0xe  Code  Gb  comp_dcm.o [7]
CompDCMInit             0x00002371   0x30  Code  Gb  comp_dcm.o [7]
CompDCMMagnetoUpdate    0x000023bd    0xe  Code  Gb  comp_dcm.o [7]
CompDCMStart            0x000023cb   0x9a  Code  Gb  comp_dcm.o [7]
CompDCMUpdate           0x00002465  0x22a  Code  Gb  comp_dcm.o [7]
ConfigureUART           0x00000343   0x46  Code  Gb  compdcm_mpu9150.o [1]
ElapsedTimingInit       0x000021ad   0x26  Code  Gb  elapsed_timing.o [1]
ElapsedTiming_Start     0x000021d3    0x8  Code  Gb  elapsed_timing.o [1]
ElapsedTiming_Stop_Seconds
                        0x000021db   0x36  Code  Gb  elapsed_timing.o [1]
FaultISR                0x0000352f    0x2  Code  Lc  startup_ewarm.o [1]
GPIODirModeSet          0x00000be1   0x28  Code  Gb  gpio.o [4]
GPIOIntClear            0x00000d69    0x6  Code  Gb  gpio.o [4]
GPIOIntEnable           0x00000d53    0x6  Code  Gb  gpio.o [4]
GPIOIntStatus           0x00000d59   0x10  Code  Gb  gpio.o [4]
GPIOIntTypeSet          0x00000c09   0x4c  Code  Gb  gpio.o [4]
GPIOPadConfigSet        0x00000c55   0xfe  Code  Gb  gpio.o [4]
GPIOPinConfigure        0x00000dd3   0x38  Code  Gb  gpio.o [4]
GPIOPinTypeGPIOInput    0x00000d73   0x14  Code  Gb  gpio.o [4]
GPIOPinTypeI2C          0x00000d87   0x14  Code  Gb  gpio.o [4]
GPIOPinTypeI2CSCL       0x00000d9b   0x14  Code  Gb  gpio.o [4]
GPIOPinTypeUART         0x00000db7   0x14  Code  Gb  gpio.o [4]
I2CMCommand             0x0000154f   0x7e  Code  Gb  i2cm_drv.o [7]
I2CMInit                0x0000151b   0x34  Code  Gb  i2cm_drv.o [7]
I2CMIntHandler          0x000012e9  0x216  Code  Gb  i2cm_drv.o [7]
I2CMRead                0x0000290d   0x20  Code  Gb  mpu9150.o [7]
I2CMStateIdle           0x00001259   0x90  Code  Lc  i2cm_drv.o [7]
I2CMTransferResume      0x000015cd   0x30  Code  Gb  i2cm_drv.o [7]
I2CMWrite               0x000028ef   0x1e  Code  Gb  mpu9150.o [7]
I2CMWrite8              0x0000162b   0x3e  Code  Gb  i2cm_drv.o [7]
I2CMWrite8Callback      0x000015fd   0x2e  Code  Lc  i2cm_drv.o [7]
I2CMWriteBatched        0x00002c3d   0x20  Code  Gb  i2cm_drv.o [7]
I2CMasterControl        0x00002c15    0x4  Code  Gb  i2c.o [4]
I2CMasterDataGet        0x00002c1d    0x4  Code  Gb  i2c.o [4]
I2CMasterDataPut        0x00002c19    0x4  Code  Gb  i2c.o [4]
I2CMasterEnable         0x00002bf3    0xc  Code  Gb  i2c.o [4]
I2CMasterInitExpClk     0x00002bb1   0x42  Code  Gb  i2c.o [4]
I2CMasterIntClear       0x00002c05    0x8  Code  Gb  i2c.o [4]
I2CMasterIntEnableEx    0x00002bff    0x6  Code  Gb  i2c.o [4]
I2CMasterSlaveAddrSet   0x00002c0d    0x8  Code  Gb  i2c.o [4]
IntDefaultHandler       0x00003531    0x2  Code  Lc  startup_ewarm.o [1]
IntDisable              0x00002283   0x56  Code  Gb  interrupt.o [4]
IntEnable               0x0000222d   0x56  Code  Gb  interrupt.o [4]
IntGPIOb                0x0000027b   0x30  Code  Gb  compdcm_mpu9150.o [1]
IntIsEnabled            0x000022d9   0x5c  Code  Gb  interrupt.o [4]
IntMasterEnable         0x0000221d    0x8  Code  Gb  interrupt.o [4]
IntTrigger              0x00002335    0x8  Code  Gb  interrupt.o [4]
IsBufferEmpty           0x00001697   0x10  Code  Lc  uartstdio.o [1]
IsBufferFull            0x0000167d   0x1a  Code  Lc  uartstdio.o [1]
MPU9150AppCallback      0x0000026d    0xe  Code  Gb  compdcm_mpu9150.o [1]
MPU9150AppErrorHandler  0x000002b3   0x52  Code  Gb  compdcm_mpu9150.o [1]
MPU9150AppI2CWait       0x00000305   0x3e  Code  Gb  compdcm_mpu9150.o [1]
MPU9150Callback         0x00000ea9  0x114  Code  Lc  mpu9150.o [7]
MPU9150DataAccelGetFloat
                        0x00001105   0x3e  Code  Gb  mpu9150.o [7]
MPU9150DataGyroGetFloat
                        0x00001143   0x3e  Code  Gb  mpu9150.o [7]
MPU9150DataMagnetoGetFloat
                        0x000011bd   0x56  Code  Gb  mpu9150.o [7]
MPU9150DataRead         0x000010bf   0x46  Code  Gb  mpu9150.o [7]
MPU9150I2CIntHandler    0x000002ab    0x8  Code  Gb  compdcm_mpu9150.o [1]
MPU9150Init             0x00000ff9   0x44  Code  Gb  mpu9150.o [7]
MPU9150Write            0x0000103d   0x6c  Code  Gb  mpu9150.o [7]
NmiSR                   0x0000352d    0x2  Code  Lc  startup_ewarm.o [1]
RGBBlinkIntHandler      0x00001b65   0x28  Code  Gb  rgb.o [1]
RGBBlinkIntHandler::ulFlags
                        0x20000ab0    0x4  Data  Lc  rgb.o [1]
RGBBlinkRateSet         0x00001d99   0x70  Code  Gb  rgb.o [1]
RGBColorSet             0x00001d1d   0x74  Code  Gb  rgb.o [1]
RGBDisable              0x00001cd1   0x4c  Code  Gb  rgb.o [1]
RGBEnable               0x00001c45   0x8c  Code  Gb  rgb.o [1]
RGBInit                 0x00001b8d   0xb8  Code  Gb  rgb.o [1]
RGBIntensitySet         0x00001d91    0x8  Code  Gb  rgb.o [1]
Region$$Table$$Base     0x000034f4          --   Gb  - Linker created -
Region$$Table$$Limit    0x00003518          --   Gb  - Linker created -
ResetISR                0x00003519    0xe  Code  Gb  startup_ewarm.o [1]
SysCtlClockGet          0x00001fc5  0x110  Code  Gb  sysctl.o [4]
SysCtlClockSet          0x00001eed   0xd8  Code  Gb  sysctl.o [4]
SysCtlDelay             0x00001ee5    0x8  Code  Gb  sysctl.o [4]
SysCtlPeripheralClockGating
                        0x00001ea3   0x3c  Code  Gb  sysctl.o [4]
SysCtlPeripheralEnable  0x00001e7d    0x8  Code  Gb  sysctl.o [4]
SysCtlPeripheralSleepEnable
                        0x00001e99    0xa  Code  Gb  sysctl.o [4]
SysCtlSleep             0x00001edf    0x4  Code  Gb  sysctl.o [4]
TimerConfigure          0x00002e7d   0x52  Code  Gb  timer.o [4]
TimerDisable            0x00002e71    0xc  Code  Gb  timer.o [4]
TimerEnable             0x00002e65    0xc  Code  Gb  timer.o [4]
TimerLoadSet            0x00002ee1   0x10  Code  Gb  timer.o [4]
TimerValueGet           0x00002ef1    0xa  Code  Gb  timer.o [4]
UARTClockSourceSet      0x0000219d    0x6  Code  Gb  uart.o [4]
UARTFlushRx             0x000019c7   0x20  Code  Gb  uartstdio.o [1]
UARTFlushTx             0x000019e7   0x30  Code  Gb  uartstdio.o [1]
UARTPrimeTransmit       0x000016a7   0x66  Code  Lc  uartstdio.o [1]
UARTStdioConfig         0x0000170d   0x90  Code  Gb  uartstdio.o [1]
UARTStdioIntHandler     0x00001a17   0xee  Code  Gb  uartstdio.o [1]
UARTStdioIntHandler::bLastWasCR
                        0x20000a95    0x1  Data  Lc  uartstdio.o [1]
UARTprintf              0x000019ad    0xe  Code  Gb  uartstdio.o [1]
UARTvprintf             0x0000181f  0x184  Code  Gb  uartstdio.o [1]
UARTwrite               0x0000179d   0x62  Code  Gb  uartstdio.o [1]
VectorAdd               0x00002fa7   0x2e  Code  Gb  vector.o [7]
VectorCrossProduct      0x00002f2f   0x52  Code  Gb  vector.o [7]
VectorDotProduct        0x00002f09   0x26  Code  Gb  vector.o [7]
VectorScale             0x00002f81   0x20  Code  Gb  vector.o [7]
_PrintfTiny             0x00002d23  0x136  Code  Gb  xprintftiny.o [3]
_SProut                 0x000021a3    0xa  Code  Gb  xsprout.o [3]
__aeabi_d2f             0x0000292d         Code  Gb  DblToFlt.o [5]
__aeabi_dmul            0x000029bd         Code  Gb  DblMul.o [5]
__aeabi_dsub            0x00003029         Code  Gb  DblSub.o [5]
__aeabi_errno_addr      0x0000342d    0x6  Code  Gb  errno.o [3]
__aeabi_f2d             0x00002b61         Code  Gb  FltToDbl.o [5]
__aeabi_f2ulz           0x00002cc5         Code  Gb  FltToU64.o [5]
__aeabi_memset          0x00002c5d         Code  Gb  ABImemset.o [6]
__cmain                 0x00003541         Code  Gb  cmain.o [6]
__exit                  0x00003571   0x14  Code  Gb  exit.o [8]
__iar_Errno             0x20000010    0x4  Data  Gb  errno.o [3]
__iar_FDtest            0x00002ff1   0x30  Code  Gb  xfdtest.o [5]
__iar_Memset            0x00002c5d         Code  Gb  ABImemset.o [6]
__iar_Memset_word       0x00002c65         Code  Gb  ABImemset.o [6]
__iar_copy_init3        0x0000347b   0x2c  Code  Gb  copy_init3.o [6]
__iar_dadd              0x000032b5         Code  Gb  DblAdd.o [5]
__iar_data_init3        0x000034a9   0x28  Code  Gb  data_init.o [6]
__iar_dlib_perthread_access
                        0x00003439    0x2  Code  Gb  xtls.o [3]
__iar_dsub              0x0000303d         Code  Gb  DblSub.o [5]
__iar_dsubStart         0x0000304f         Code  Gb  DblSub.o [5]
__iar_edom              0x000032a9         Code  Gb  iarEdom.o [6]
__iar_init_vfp          0x000034d1         Code  Gb  fpinit_M.o [5]
__iar_program_start     0x00003533         Code  Gb  cstartup_M.o [6]
__iar_xatanf            0x00003389         Code  Gb  xatanf.o [5]
__iar_zero_init3        0x0000343b   0x40  Code  Gb  zero_init3.o [6]
__low_level_init        0x0000355b    0x4  Code  Gb  low_level_init.o [3]
__vector_table          0x00000000  0x26c  Data  Gb  startup_ewarm.o [1]
_call_main              0x0000354d         Code  Gb  cmain.o [6]
_exit                   0x00003565         Code  Gb  cexit.o [6]
_main                   0x00003557         Code  Gb  cmain.o [6]
asinf                   0x00003215         Code  Gb  asinf.o [5]
atan2f                  0x000031a9         Code  Gb  atan2f.o [5]
exit                    0x0000355f    0x4  Code  Gb  exit.o [3]
g_bDisableEcho          0x20000a94    0x1  Data  Lc  uartstdio.o [1]
g_fIntensity            0x2000000c    0x4  Data  Lc  rgb.o [1]
g_fMPU9150AccelFactors  0x00001238   0x10  Data  Lc  mpu9150.o [7]
g_fMPU9150GyroFactors   0x00001248   0x10  Data  Lc  mpu9150.o [7]
g_pcUARTRxBuffer        0x20000a14   0x80  Data  Lc  uartstdio.o [1]
g_pcUARTTxBuffer        0x20000414  0x400  Data  Lc  uartstdio.o [1]
g_pui32Colors           0x20000880    0xc  Data  Gb  compdcm_mpu9150.o [1]
g_pui32Dii16Regs        0x0000235c   0x14  Data  Lc  interrupt.o [4]
g_pui32EnRegs           0x00002348   0x14  Data  Lc  interrupt.o [4]
g_pui32GPIOBaseAddrs    0x00000e18   0x90  Data  Lc  gpio.o [4]
g_pui32Xtals            0x00002130   0x6c  Data  Lc  sysctl.o [4]
g_sCompDCMInst          0x200009bc   0x58  Data  Gb  compdcm_mpu9150.o [1]
g_sI2CInst              0x20000898  0x124  Data  Gb  compdcm_mpu9150.o [1]
g_sMPU9150Inst          0x20000814   0x6c  Data  Gb  compdcm_mpu9150.o [1]
g_ui32Base              0x20000aa8    0x4  Data  Lc  uartstdio.o [1]
g_ui32Colors            0x20000000    0xc  Data  Lc  rgb.o [1]
g_ui32PortNum           0x20000aac    0x4  Data  Lc  uartstdio.o [1]
g_ui32PrintSkipCounter  0x20000894    0x4  Data  Gb  compdcm_mpu9150.o [1]
g_ui32UARTBase          0x00001b40    0xc  Data  Lc  uartstdio.o [1]
g_ui32UARTInt           0x00001b4c    0xc  Data  Lc  uartstdio.o [1]
g_ui32UARTPeriph        0x00001b58    0xc  Data  Lc  uartstdio.o [1]
g_ui32UARTRxReadIndex   0x20000aa4    0x4  Data  Lc  uartstdio.o [1]
g_ui32UARTRxWriteIndex  0x20000aa0    0x4  Data  Lc  uartstdio.o [1]
g_ui32UARTTxReadIndex   0x20000a9c    0x4  Data  Lc  uartstdio.o [1]
g_ui32UARTTxWriteIndex  0x20000a98    0x4  Data  Lc  uartstdio.o [1]
g_vui8ErrorFlag         0x20000890    0x4  Data  Gb  compdcm_mpu9150.o [1]
g_vui8I2CDoneFlag       0x2000088c    0x4  Data  Gb  compdcm_mpu9150.o [1]
main                    0x00000389  0x438  Code  Gb  compdcm_mpu9150.o [1]
out                     0x00002d0b   0x18  Code  Lc  xprintftiny.o [3]
pui32Stack              0x20000014  0x400  Data  Lc  startup_ewarm.o [1]
sprintf                 0x00001e49   0x34  Code  Gb  sprintf.o [3]
sqrtf                   0x00002fd5         Code  Gb  sqrtf.o [5]
strlen                  0x00003271         Code  Gb  strlen.o [6]


[1] = H:\Ascension_HADES\LaunchPad TI Software\examples\boards\ek-tm4c123gxl-boostxl-senshub\compdcm_mpu9150\ewarm\Obj
[2] = command line
[3] = dl7M_tln.a
[4] = driverlib.a
[5] = m7M_tls.a
[6] = rt7M_tl.a
[7] = sensorlib.a
[8] = shb_l.a

  13 042 bytes of readonly  code memory
     678 bytes of readonly  data memory
   2 740 bytes of readwrite data memory

Errors: none
Warnings: none
